
> shaking-head-news@2.0.0 test:e2e
> playwright test tests/e2e/auth-and-settings.spec.ts --project=chromium


Running 15 tests using 11 workers

[1A[2K[1/15] [chromium] › tests\e2e\auth-and-settings.spec.ts:4:3 › User Authentication and Settings Flow › should display login page
[1A[2K[2/15] [chromium] › tests\e2e\auth-and-settings.spec.ts:22:3 › User Authentication and Settings Flow › should have continue without login link
[1A[2K[3/15] [chromium] › tests\e2e\auth-and-settings.spec.ts:31:3 › User Authentication and Settings Flow › should navigate back to home from login page
[1A[2K[4/15] [chromium] › tests\e2e\auth-and-settings.spec.ts:49:3 › User Authentication and Settings Flow › should redirect to login when accessing protected stats page
[1A[2K  1) [chromium] › tests\e2e\auth-and-settings.spec.ts:4:3 › User Authentication and Settings Flow › should display login page 

    Error: browserType.launch: Executable doesn't exist at C:\Users\sli\AppData\Local\ms-playwright\chromium_headless_shell-1194\chrome-win\headless_shell.exe
    ╔═════════════════════════════════════════════════════════════════════════╗
    ║ Looks like Playwright Test or Playwright was just installed or updated. ║
    ║ Please run the following command to download new browsers:              ║
    ║                                                                         ║
    ║     npx playwright install                                              ║
    ║                                                                         ║
    ║ <3 Playwright Team                                                      ║
    ╚═════════════════════════════════════════════════════════════════════════╝


[1A[2K[5/15] [chromium] › tests\e2e\auth-and-settings.spec.ts:76:3 › User Authentication and Settings Flow › login page should be responsive on mobile
[1A[2K  2) [chromium] › tests\e2e\auth-and-settings.spec.ts:22:3 › User Authentication and Settings Flow › should have continue without login link 

    Error: browserType.launch: Executable doesn't exist at C:\Users\sli\AppData\Local\ms-playwright\chromium_headless_shell-1194\chrome-win\headless_shell.exe
    ╔═════════════════════════════════════════════════════════════════════════╗
    ║ Looks like Playwright Test or Playwright was just installed or updated. ║
    ║ Please run the following command to download new browsers:              ║
    ║                                                                         ║
    ║     npx playwright install                                              ║
    ║                                                                         ║
    ║ <3 Playwright Team                                                      ║
    ╚═════════════════════════════════════════════════════════════════════════╝


[1A[2K[6/15] [chromium] › tests\e2e\auth-and-settings.spec.ts:41:3 › User Authentication and Settings Flow › should redirect to login when accessing protected settings page
[1A[2K  3) [chromium] › tests\e2e\auth-and-settings.spec.ts:31:3 › User Authentication and Settings Flow › should navigate back to home from login page 

    Error: browserType.launch: Executable doesn't exist at C:\Users\sli\AppData\Local\ms-playwright\chromium_headless_shell-1194\chrome-win\headless_shell.exe
    ╔═════════════════════════════════════════════════════════════════════════╗
    ║ Looks like Playwright Test or Playwright was just installed or updated. ║
    ║ Please run the following command to download new browsers:              ║
    ║                                                                         ║
    ║     npx playwright install                                              ║
    ║                                                                         ║
    ║ <3 Playwright Team                                                      ║
    ╚═════════════════════════════════════════════════════════════════════════╝


[1A[2K[7/15] [chromium] › tests\e2e\auth-and-settings.spec.ts:57:3 › User Authentication and Settings Flow › should redirect to login when accessing protected RSS page
[1A[2K  4) [chromium] › tests\e2e\auth-and-settings.spec.ts:49:3 › User Authentication and Settings Flow › should redirect to login when accessing protected stats page 

    Error: browserType.launch: Executable doesn't exist at C:\Users\sli\AppData\Local\ms-playwright\chromium_headless_shell-1194\chrome-win\headless_shell.exe
    ╔═════════════════════════════════════════════════════════════════════════╗
    ║ Looks like Playwright Test or Playwright was just installed or updated. ║
    ║ Please run the following command to download new browsers:              ║
    ║                                                                         ║
    ║     npx playwright install                                              ║
    ║                                                                         ║
    ║ <3 Playwright Team                                                      ║
    ╚═════════════════════════════════════════════════════════════════════════╝


[1A[2K[8/15] [chromium] › tests\e2e\auth-and-settings.spec.ts:65:3 › User Authentication and Settings Flow › should preserve callback URL when redirecting to login
[1A[2K  5) [chromium] › tests\e2e\auth-and-settings.spec.ts:76:3 › User Authentication and Settings Flow › login page should be responsive on mobile 

    Error: browserType.launch: Executable doesn't exist at C:\Users\sli\AppData\Local\ms-playwright\chromium_headless_shell-1194\chrome-win\headless_shell.exe
    ╔═════════════════════════════════════════════════════════════════════════╗
    ║ Looks like Playwright Test or Playwright was just installed or updated. ║
    ║ Please run the following command to download new browsers:              ║
    ║                                                                         ║
    ║     npx playwright install                                              ║
    ║                                                                         ║
    ║ <3 Playwright Team                                                      ║
    ╚═════════════════════════════════════════════════════════════════════════╝


[1A[2K[9/15] [chromium] › tests\e2e\auth-and-settings.spec.ts:98:3 › User Authentication and Settings Flow › should display terms and privacy notice
[1A[2K  6) [chromium] › tests\e2e\auth-and-settings.spec.ts:41:3 › User Authentication and Settings Flow › should redirect to login when accessing protected settings page 

    Error: browserType.launch: Executable doesn't exist at C:\Users\sli\AppData\Local\ms-playwright\chromium_headless_shell-1194\chrome-win\headless_shell.exe
    ╔═════════════════════════════════════════════════════════════════════════╗
    ║ Looks like Playwright Test or Playwright was just installed or updated. ║
    ║ Please run the following command to download new browsers:              ║
    ║                                                                         ║
    ║     npx playwright install                                              ║
    ║                                                                         ║
    ║ <3 Playwright Team                                                      ║
    ╚═════════════════════════════════════════════════════════════════════════╝


[1A[2K[10/15] [chromium] › tests\e2e\auth-and-settings.spec.ts:106:3 › User Authentication and Settings Flow › should have proper form structure
[1A[2K  7) [chromium] › tests\e2e\auth-and-settings.spec.ts:57:3 › User Authentication and Settings Flow › should redirect to login when accessing protected RSS page 

    Error: browserType.launch: Executable doesn't exist at C:\Users\sli\AppData\Local\ms-playwright\chromium_headless_shell-1194\chrome-win\headless_shell.exe
    ╔═════════════════════════════════════════════════════════════════════════╗
    ║ Looks like Playwright Test or Playwright was just installed or updated. ║
    ║ Please run the following command to download new browsers:              ║
    ║                                                                         ║
    ║     npx playwright install                                              ║
    ║                                                                         ║
    ║ <3 Playwright Team                                                      ║
    ╚═════════════════════════════════════════════════════════════════════════╝


[1A[2K[11/15] [chromium] › tests\e2e\auth-and-settings.spec.ts:118:3 › User Authentication and Settings Flow › should have accessible login button
[1A[2K  8) [chromium] › tests\e2e\auth-and-settings.spec.ts:65:3 › User Authentication and Settings Flow › should preserve callback URL when redirecting to login 

    Error: browserType.launch: Executable doesn't exist at C:\Users\sli\AppData\Local\ms-playwright\chromium_headless_shell-1194\chrome-win\headless_shell.exe
    ╔═════════════════════════════════════════════════════════════════════════╗
    ║ Looks like Playwright Test or Playwright was just installed or updated. ║
    ║ Please run the following command to download new browsers:              ║
    ║                                                                         ║
    ║     npx playwright install                                              ║
    ║                                                                         ║
    ║ <3 Playwright Team                                                      ║
    ╚═════════════════════════════════════════════════════════════════════════╝


[1A[2K  9) [chromium] › tests\e2e\auth-and-settings.spec.ts:98:3 › User Authentication and Settings Flow › should display terms and privacy notice 

    Error: browserType.launch: Executable doesn't exist at C:\Users\sli\AppData\Local\ms-playwright\chromium_headless_shell-1194\chrome-win\headless_shell.exe
    ╔═════════════════════════════════════════════════════════════════════════╗
    ║ Looks like Playwright Test or Playwright was just installed or updated. ║
    ║ Please run the following command to download new browsers:              ║
    ║                                                                         ║
    ║     npx playwright install                                              ║
    ║                                                                         ║
    ║ <3 Playwright Team                                                      ║
    ╚═════════════════════════════════════════════════════════════════════════╝


[1A[2K  10) [chromium] › tests\e2e\auth-and-settings.spec.ts:106:3 › User Authentication and Settings Flow › should have proper form structure 

    Error: browserType.launch: Executable doesn't exist at C:\Users\sli\AppData\Local\ms-playwright\chromium_headless_shell-1194\chrome-win\headless_shell.exe
    ╔═════════════════════════════════════════════════════════════════════════╗
    ║ Looks like Playwright Test or Playwright was just installed or updated. ║
    ║ Please run the following command to download new browsers:              ║
    ║                                                                         ║
    ║     npx playwright install                                              ║
    ║                                                                         ║
    ║ <3 Playwright Team                                                      ║
    ╚═════════════════════════════════════════════════════════════════════════╝


[1A[2K  11) [chromium] › tests\e2e\auth-and-settings.spec.ts:118:3 › User Authentication and Settings Flow › should have accessible login button 

    Error: browserType.launch: Executable doesn't exist at C:\Users\sli\AppData\Local\ms-playwright\chromium_headless_shell-1194\chrome-win\headless_shell.exe
    ╔═════════════════════════════════════════════════════════════════════════╗
    ║ Looks like Playwright Test or Playwright was just installed or updated. ║
    ║ Please run the following command to download new browsers:              ║
    ║                                                                         ║
    ║     npx playwright install                                              ║
    ║                                                                         ║
    ║ <3 Playwright Team                                                      ║
    ╚═════════════════════════════════════════════════════════════════════════╝


[1A[2K[12/15] [chromium] › tests\e2e\auth-and-settings.spec.ts:132:3 › User Authentication and Settings Flow › should display Google icon in login button
[1A[2K[13/15] [chromium] › tests\e2e\auth-and-settings.spec.ts:177:3 › Settings Page (Mock Auth) › should show settings page structure when authenticated
[1A[2K[14/15] [chromium] › tests\e2e\auth-and-settings.spec.ts:153:3 › User Authentication and Settings Flow › should handle navigation between login and home
[1A[2K[15/15] [chromium] › tests\e2e\auth-and-settings.spec.ts:141:3 › User Authentication and Settings Flow › login page should have proper styling
[1A[2K  12) [chromium] › tests\e2e\auth-and-settings.spec.ts:132:3 › User Authentication and Settings Flow › should display Google icon in login button 

    Error: browserType.launch: Executable doesn't exist at C:\Users\sli\AppData\Local\ms-playwright\chromium_headless_shell-1194\chrome-win\headless_shell.exe
    ╔═════════════════════════════════════════════════════════════════════════╗
    ║ Looks like Playwright Test or Playwright was just installed or updated. ║
    ║ Please run the following command to download new browsers:              ║
    ║                                                                         ║
    ║     npx playwright install                                              ║
    ║                                                                         ║
    ║ <3 Playwright Team                                                      ║
    ╚═════════════════════════════════════════════════════════════════════════╝


[1A[2K  13) [chromium] › tests\e2e\auth-and-settings.spec.ts:153:3 › User Authentication and Settings Flow › should handle navigation between login and home 

    Error: browserType.launch: Executable doesn't exist at C:\Users\sli\AppData\Local\ms-playwright\chromium_headless_shell-1194\chrome-win\headless_shell.exe
    ╔═════════════════════════════════════════════════════════════════════════╗
    ║ Looks like Playwright Test or Playwright was just installed or updated. ║
    ║ Please run the following command to download new browsers:              ║
    ║                                                                         ║
    ║     npx playwright install                                              ║
    ║                                                                         ║
    ║ <3 Playwright Team                                                      ║
    ╚═════════════════════════════════════════════════════════════════════════╝


[1A[2K  14) [chromium] › tests\e2e\auth-and-settings.spec.ts:177:3 › Settings Page (Mock Auth) › should show settings page structure when authenticated 

    Error: browserType.launch: Executable doesn't exist at C:\Users\sli\AppData\Local\ms-playwright\chromium_headless_shell-1194\chrome-win\headless_shell.exe
    ╔═════════════════════════════════════════════════════════════════════════╗
    ║ Looks like Playwright Test or Playwright was just installed or updated. ║
    ║ Please run the following command to download new browsers:              ║
    ║                                                                         ║
    ║     npx playwright install                                              ║
    ║                                                                         ║
    ║ <3 Playwright Team                                                      ║
    ╚═════════════════════════════════════════════════════════════════════════╝


[1A[2K  15) [chromium] › tests\e2e\auth-and-settings.spec.ts:141:3 › User Authentication and Settings Flow › login page should have proper styling 

    Error: browserType.launch: Executable doesn't exist at C:\Users\sli\AppData\Local\ms-playwright\chromium_headless_shell-1194\chrome-win\headless_shell.exe
    ╔═════════════════════════════════════════════════════════════════════════╗
    ║ Looks like Playwright Test or Playwright was just installed or updated. ║
    ║ Please run the following command to download new browsers:              ║
    ║                                                                         ║
    ║     npx playwright install                                              ║
    ║                                                                         ║
    ║ <3 Playwright Team                                                      ║
    ╚═════════════════════════════════════════════════════════════════════════╝


[1A[2K  15 failed
    [chromium] › tests\e2e\auth-and-settings.spec.ts:4:3 › User Authentication and Settings Flow › should display login page 
    [chromium] › tests\e2e\auth-and-settings.spec.ts:22:3 › User Authentication and Settings Flow › should have continue without login link 
    [chromium] › tests\e2e\auth-and-settings.spec.ts:31:3 › User Authentication and Settings Flow › should navigate back to home from login page 
    [chromium] › tests\e2e\auth-and-settings.spec.ts:41:3 › User Authentication and Settings Flow › should redirect to login when accessing protected settings page 
    [chromium] › tests\e2e\auth-and-settings.spec.ts:49:3 › User Authentication and Settings Flow › should redirect to login when accessing protected stats page 
    [chromium] › tests\e2e\auth-and-settings.spec.ts:57:3 › User Authentication and Settings Flow › should redirect to login when accessing protected RSS page 
    [chromium] › tests\e2e\auth-and-settings.spec.ts:65:3 › User Authentication and Settings Flow › should preserve callback URL when redirecting to login 
    [chromium] › tests\e2e\auth-and-settings.spec.ts:76:3 › User Authentication and Settings Flow › login page should be responsive on mobile 
    [chromium] › tests\e2e\auth-and-settings.spec.ts:98:3 › User Authentication and Settings Flow › should display terms and privacy notice 
    [chromium] › tests\e2e\auth-and-settings.spec.ts:106:3 › User Authentication and Settings Flow › should have proper form structure 
    [chromium] › tests\e2e\auth-and-settings.spec.ts:118:3 › User Authentication and Settings Flow › should have accessible login button 
    [chromium] › tests\e2e\auth-and-settings.spec.ts:132:3 › User Authentication and Settings Flow › should display Google icon in login button 
    [chromium] › tests\e2e\auth-and-settings.spec.ts:141:3 › User Authentication and Settings Flow › login page should have proper styling 
    [chromium] › tests\e2e\auth-and-settings.spec.ts:153:3 › User Authentication and Settings Flow › should handle navigation between login and home 
    [chromium] › tests\e2e\auth-and-settings.spec.ts:177:3 › Settings Page (Mock Auth) › should show settings page structure when authenticated 

[36m  Serving HTML report at http://localhost:63746. Press Ctrl+C to quit.[39m
